node.exe : npm warn 
Unknown project config 
"shamefully-hoist". This 
will stop working in the 
next major version of npm.
At line:1 char:1
+ & "C:\Program 
Files\nodejs/node.exe" "C:
\Users\sahil\AppData\Roami
ng\ ...
+ ~~~~~~~~~~~~~~~~~~~~~~~~
~~~~~~~~~~~~~~~~~~~~~~~~~~
~~~~~~~~~~~~~~~~~~~
    + CategoryInfo        
      : NotSpecified: (n  
  pm warn Unknow...vers   
 ion of npm.:String) [    
], RemoteException
    + FullyQualifiedError 
   Id : NativeCommandErr  
  or
 
npm warn Unknown project 
config "node-linker". 
This will stop working in 
the next major version of 
npm.
src/api/admin.ts(88,38): error TS7006: Parameter 'u' implicitly has an 'any' type.
src/api/admin.ts(136,36): error TS7006: Parameter 'u' implicitly has an 'any' type.
src/api/admin.ts(178,28): error TS7006: Parameter 'u' implicitly has an 'any' type.
src/api/analytics.ts(58,51): error TS7006: Parameter 'acc' implicitly has an 'any' type.
src/api/analytics.ts(58,56): error TS7006: Parameter 'curr' implicitly has an 'any' type.
src/api/analytics.ts(201,31): error TS7006: Parameter 'd' implicitly has an 'any' type.
src/api/analytics.ts(208,34): error TS7006: Parameter 'd' implicitly has an 'any' type.
src/api/analytics.ts(215,30): error TS7006: Parameter 'd' implicitly has an 'any' type.
src/api/analytics.ts(240,65): error TS7006: Parameter 'd' implicitly has an 'any' type.
src/api/analytics.ts(273,48): error TS7006: Parameter 'a' implicitly has an 'any' type.
src/api/analytics.ts(288,31): error TS2769: No overload matches this call.
  Overload 1 of 5, '(value: string | number | Date): Date', gave the following error.
    Argument of type 'unknown' is not assignable to parameter of type 'string | number | Date'.
  Overload 2 of 5, '(vd: VarDate): Date', gave the following error.
    Argument of type 'unknown' is not assignable to parameter of type 'VarDate'.
  Overload 3 of 5, '(value: string | number): Date', gave the following error.
    Argument of type 'unknown' is not assignable to parameter of type 'string | number'.
src/api/analytics.ts(289,31): error TS2769: No overload matches this call.
  Overload 1 of 5, '(value: string | number | Date): Date', gave the following error.
    Argument of type 'unknown' is not assignable to parameter of type 'string | number | Date'.
  Overload 2 of 5, '(vd: VarDate): Date', gave the following error.
    Argument of type 'unknown' is not assignable to parameter of type 'VarDate'.
  Overload 3 of 5, '(value: string | number): Date', gave the following error.
    Argument of type 'unknown' is not assignable to parameter of type 'string | number'.
src/api/analytics.ts(305,31): error TS2769: No overload matches this call.
  Overload 1 of 5, '(value: string | number | Date): Date', gave the following error.
    Argument of type 'unknown' is not assignable to parameter of type 'string | number | Date'.
  Overload 2 of 5, '(vd: VarDate): Date', gave the following error.
    Argument of type 'unknown' is not assignable to parameter of type 'VarDate'.
  Overload 3 of 5, '(value: string | number): Date', gave the following error.
    Argument of type 'unknown' is not assignable to parameter of type 'string | number'.
src/api/analytics.ts(306,31): error TS2769: No overload matches this call.
  Overload 1 of 5, '(value: string | number | Date): Date', gave the following error.
    Argument of type 'unknown' is not assignable to parameter of type 'string | number | Date'.
  Overload 2 of 5, '(vd: VarDate): Date', gave the following error.
    Argument of type 'unknown' is not assignable to parameter of type 'VarDate'.
  Overload 3 of 5, '(value: string | number): Date', gave the following error.
    Argument of type 'unknown' is not assignable to parameter of type 'string | number'.
src/api/analytics.ts(361,32): error TS7006: Parameter 't' implicitly has an 'any' type.
src/api/analytics.ts(366,35): error TS7006: Parameter 's' implicitly has an 'any' type.
src/api/analytics.ts(371,35): error TS7006: Parameter 'a' implicitly has an 'any' type.
src/api/analytics.ts(409,26): error TS7006: Parameter 'a' implicitly has an 'any' type.
src/api/analytics.ts(434,32): error TS7006: Parameter 'c' implicitly has an 'any' type.
src/api/analytics.ts(451,30): error TS7006: Parameter 'h' implicitly has an 'any' type.
src/api/analytics.ts(469,30): error TS7006: Parameter 't' implicitly has an 'any' type.
src/api/analytics.ts(490,32): error TS7006: Parameter 't' implicitly has an 'any' type.
src/api/analytics.ts(495,35): error TS7006: Parameter 's' implicitly has an 'any' type.
src/api/analytics.ts(500,35): error TS7006: Parameter 'a' implicitly has an 'any' type.
src/api/chat.ts(61,39): error TS7006: Parameter 'p' implicitly has an 'any' type.
src/api/chat.ts(68,26): error TS7006: Parameter 'sum' implicitly has an 'any' type.
src/api/chat.ts(68,31): error TS7006: Parameter 's' implicitly has an 'any' type.
src/api/chat.ts(73,31): error TS7006: Parameter 'a' implicitly has an 'any' type.
src/api/chat.ts(99,11): error TS7006: Parameter 'a' implicitly has an 'any' type.
src/api/chat.ts(105,21): error TS7006: Parameter 't' implicitly has an 'any' type.
src/api/chat.ts(112,12): error TS7006: Parameter 't' implicitly has an 'any' type.
src/api/chat.ts(119,12): error TS7006: Parameter 's' implicitly has an 'any' type.
src/api/connections.ts(76,38): error TS7006: Parameter 'conn' implicitly has an 'any' type.
src/api/connections.ts(100,38): error TS7006: Parameter 'c' implicitly has an 'any' type.
src/api/summaries.ts(76,8): error TS7006: Parameter 'sum' implicitly has an 'any' type.
src/api/summaries.ts(76,13): error TS7006: Parameter 's' implicitly has an 'any' type.
src/api/summaries.ts(80,7): error TS7006: Parameter 'a' implicitly has an 'any' type.
src/api/summaries.ts(83,7): error TS7006: Parameter 'a' implicitly has an 'any' type.
src/api/summaries.ts(86,23): error TS7006: Parameter 'a' implicitly has an 'any' type.
src/api/summaries.ts(140,32): error TS7006: Parameter 'a' implicitly has an 'any' type.
src/api/summaries.ts(145,14): error TS7006: Parameter 't' implicitly has an 'any' type.
src/api/summaries.ts(150,18): error TS7006: Parameter 't' implicitly has an 'any' type.
src/lib/timeTracker.ts(89,22): error TS7006: Parameter 's' implicitly has an 'any' type.
src/lib/timeTracker.ts(110,42): error TS7006: Parameter 'a' implicitly has an 'any' type.
src/lib/timeTracker.ts(111,44): error TS7006: Parameter 'h' implicitly has an 'any' type.
src/lib/timeTracker.ts(149,49): error TS7006: Parameter 'acc' implicitly has an 'any' type.
src/lib/timeTracker.ts(149,54): error TS7006: Parameter 's' implicitly has an 'any' type.
src/tools/github.ts(111,28): error TS7006: Parameter 'item' implicitly has an 'any' type.
src/tools/summary.ts(45,8): error TS7006: Parameter 'sum' implicitly has an 'any' type.
src/tools/summary.ts(45,13): error TS7006: Parameter 's' implicitly has an 'any' type.
src/tools/summary.ts(49,7): error TS7006: Parameter 'a' implicitly has an 'any' type.
src/tools/summary.ts(52,7): error TS7006: Parameter 'a' implicitly has an 'any' type.
src/tools/summary.ts(55,23): error TS7006: Parameter 'a' implicitly has an 'any' type.
src/tools/summary.ts(112,32): error TS7006: Parameter 'a' implicitly has an 'any' type.
src/tools/summary.ts(117,14): error TS7006: Parameter 't' implicitly has an 'any' type.
src/tools/summary.ts(122,18): error TS7006: Parameter 't' implicitly has an 'any' type.
