node.exe : npm warn Unknown project config 
"shamefully-hoist". This will stop working in 
the next major version of npm.
At line:1 char:1
+ & "C:\Program Files\nodejs/node.exe" 
"C:\Users\sahil\AppData\Roaming\ ...
+ ~~~~~~~~~~~~~~~~~~~~~~~~~~~~~~~~~~~~~~~~~~~~~~~
~~~~~~~~~~~~~~~~~~~~~~
    + CategoryInfo          : NotSpecified: (npm 
    warn Unknow...version of npm.:String) [], R  
  emoteException
    + FullyQualifiedErrorId : NativeCommandError
 
npm warn Unknown project config "node-linker". 
This will stop working in the next major version 
of npm.
src/api/admin.ts(88,43): error TS2339: Property 'email' does not exist on type 'never'.
src/api/admin.ts(131,43): error TS2339: Property 'email' does not exist on type 'never'.
src/api/admin.ts(171,35): error TS2339: Property 'email' does not exist on type 'never'.
